---
source: xtask/src/main.rs
expression: "structure(&model, \"TransactionResponse\")"
---
StructDef {
    name: "TransactionResponse",
    origin: "transactionResponse",
    doc: None,
    fields: [
        Field {
            name: "response_code",
            xml: "responseCode",
            kind: Element,
            ty: String,
            card: Optional,
            sensitive: false,
            doc: None,
        },
        Field {
            name: "raw_response_code",
            xml: "rawResponseCode",
            kind: Element,
            ty: String,
            card: Optional,
            sensitive: false,
            doc: None,
        },
        Field {
            name: "auth_code",
            xml: "authCode",
            kind: Element,
            ty: String,
            card: Optional,
            sensitive: false,
            doc: None,
        },
        Field {
            name: "avs_result_code",
            xml: "avsResultCode",
            kind: Element,
            ty: String,
            card: Optional,
            sensitive: false,
            doc: None,
        },
        Field {
            name: "cvv_result_code",
            xml: "cvvResultCode",
            kind: Element,
            ty: String,
            card: Optional,
            sensitive: false,
            doc: None,
        },
        Field {
            name: "cavv_result_code",
            xml: "cavvResultCode",
            kind: Element,
            ty: String,
            card: Optional,
            sensitive: false,
            doc: None,
        },
        Field {
            name: "trans_id",
            xml: "transId",
            kind: Element,
            ty: String,
            card: Optional,
            sensitive: false,
            doc: None,
        },
        Field {
            name: "ref_trans_id",
            xml: "refTransID",
            kind: Element,
            ty: String,
            card: Optional,
            sensitive: false,
            doc: None,
        },
        Field {
            name: "trans_hash",
            xml: "transHash",
            kind: Element,
            ty: String,
            card: Optional,
            sensitive: false,
            doc: None,
        },
        Field {
            name: "test_request",
            xml: "testRequest",
            kind: Element,
            ty: String,
            card: Optional,
            sensitive: false,
            doc: None,
        },
        Field {
            name: "account_number",
            xml: "accountNumber",
            kind: Element,
            ty: String,
            card: Optional,
            sensitive: true,
            doc: None,
        },
        Field {
            name: "entry_mode",
            xml: "entryMode",
            kind: Element,
            ty: String,
            card: Optional,
            sensitive: false,
            doc: None,
        },
        Field {
            name: "account_type",
            xml: "accountType",
            kind: Element,
            ty: String,
            card: Optional,
            sensitive: false,
            doc: None,
        },
        Field {
            name: "split_tender_id",
            xml: "splitTenderId",
            kind: Element,
            ty: String,
            card: Optional,
            sensitive: false,
            doc: None,
        },
        Field {
            name: "pre_paid_card",
            xml: "prePaidCard",
            kind: Element,
            ty: Named(
                "TransactionResponsePrePaidCard",
            ),
            card: Optional,
            sensitive: false,
            doc: None,
        },
        Field {
            name: "messages",
            xml: "messages",
            kind: Wrapped {
                item: "message",
                keep_empty: false,
            },
            ty: Named(
                "TransactionResponseMessage",
            ),
            card: List,
            sensitive: false,
            doc: None,
        },
        Field {
            name: "message",
            xml: "message",
            kind: Element,
            ty: Named(
                "TransactionResponseMessage",
            ),
            card: Optional,
            sensitive: false,
            doc: Some(
                "Not in the XSD, but sent by the API.",
            ),
        },
        Field {
            name: "errors",
            xml: "errors",
            kind: Wrapped {
                item: "error",
                keep_empty: false,
            },
            ty: Named(
                "TransactionResponseError",
            ),
            card: List,
            sensitive: false,
            doc: None,
        },
        Field {
            name: "split_tender_payments",
            xml: "splitTenderPayments",
            kind: Wrapped {
                item: "splitTenderPayment",
                keep_empty: false,
            },
            ty: Named(
                "TransactionResponseSplitTenderPayment",
            ),
            card: List,
            sensitive: false,
            doc: None,
        },
        Field {
            name: "user_fields",
            xml: "userFields",
            kind: Wrapped {
                item: "userField",
                keep_empty: false,
            },
            ty: Named(
                "UserField",
            ),
            card: List,
            sensitive: false,
            doc: None,
        },
        Field {
            name: "ship_to",
            xml: "shipTo",
            kind: Element,
            ty: Named(
                "NameAndAddress",
            ),
            card: Optional,
            sensitive: false,
            doc: None,
        },
        Field {
            name: "secure_acceptance",
            xml: "secureAcceptance",
            kind: Element,
            ty: Named(
                "TransactionResponseSecureAcceptance",
            ),
            card: Optional,
            sensitive: false,
            doc: None,
        },
        Field {
            name: "emv_response",
            xml: "emvResponse",
            kind: Element,
            ty: Named(
                "TransactionResponseEmvResponse",
            ),
            card: Optional,
            sensitive: false,
            doc: None,
        },
        Field {
            name: "trans_hash_sha2",
            xml: "transHashSha2",
            kind: Element,
            ty: String,
            card: Optional,
            sensitive: false,
            doc: None,
        },
        Field {
            name: "profile",
            xml: "profile",
            kind: Element,
            ty: Named(
                "CustomerProfileId",
            ),
            card: Optional,
            sensitive: false,
            doc: None,
        },
        Field {
            name: "network_trans_id",
            xml: "networkTransId",
            kind: Element,
            ty: String,
            card: Optional,
            sensitive: false,
            doc: None,
        },
        Field {
            name: "merchant_advice",
            xml: "merchantAdvice",
            kind: Element,
            ty: Named(
                "MerchantAdvice",
            ),
            card: Optional,
            sensitive: false,
            doc: None,
        },
    ],
    root: None,
    request: false,
    default: true,
}
