---
source: xtask/src/main.rs
expression: "format!(\"{}\\n{}\", structure(&model, \"MerchantAuthentication\"),\nstructure(&model, \"MerchantCredential\"))"
---
StructDef {
    name: "MerchantAuthentication",
    origin: "merchantAuthenticationType",
    doc: None,
    fields: [
        Field {
            name: "name",
            xml: "name",
            kind: Element,
            ty: String,
            card: Optional,
            sensitive: false,
            doc: None,
            facets: Facets {
                length: None,
                min_length: None,
                max_length: Some(
                    25,
                ),
                pattern: None,
                min_inclusive: None,
                max_inclusive: None,
                total_digits: None,
                fraction_digits: None,
            },
            occurs: None,
        },
        Field {
            name: "credential",
            xml: "",
            kind: Choice,
            ty: Named(
                "MerchantCredential",
            ),
            card: Optional,
            sensitive: false,
            doc: None,
            facets: Facets {
                length: None,
                min_length: None,
                max_length: None,
                pattern: None,
                min_inclusive: None,
                max_inclusive: None,
                total_digits: None,
                fraction_digits: None,
            },
            occurs: None,
        },
        Field {
            name: "mobile_device_id",
            xml: "mobileDeviceId",
            kind: Element,
            ty: String,
            card: Optional,
            sensitive: false,
            doc: None,
            facets: Facets {
                length: None,
                min_length: None,
                max_length: Some(
                    60,
                ),
                pattern: None,
                min_inclusive: None,
                max_inclusive: None,
                total_digits: None,
                fraction_digits: None,
            },
            occurs: None,
        },
        Field {
            name: "enc_password",
            xml: "encPassword",
            kind: Element,
            ty: String,
            card: Optional,
            sensitive: true,
            doc: None,
            facets: Facets {
                length: None,
                min_length: None,
                max_length: None,
                pattern: None,
                min_inclusive: None,
                max_inclusive: None,
                total_digits: None,
                fraction_digits: None,
            },
            occurs: None,
        },
        Field {
            name: "enc_mobile_device_id",
            xml: "encMobileDeviceId",
            kind: Element,
            ty: String,
            card: Optional,
            sensitive: false,
            doc: None,
            facets: Facets {
                length: None,
                min_length: None,
                max_length: None,
                pattern: None,
                min_inclusive: None,
                max_inclusive: None,
                total_digits: None,
                fraction_digits: None,
            },
            occurs: None,
        },
    ],
    root: None,
    request: false,
    default: true,
}
ChoiceDef {
    name: "MerchantCredential",
    origin: "MerchantAuthentication choice",
    doc: None,
    variants: [
        ChoiceVariant {
            name: "TransactionKey",
            xml: "transactionKey",
            ty: String,
            sensitive: true,
            facets: Facets {
                length: None,
                min_length: None,
                max_length: Some(
                    16,
                ),
                pattern: None,
                min_inclusive: None,
                max_inclusive: None,
                total_digits: None,
                fraction_digits: None,
            },
        },
        ChoiceVariant {
            name: "SessionToken",
            xml: "sessionToken",
            ty: String,
            sensitive: true,
            facets: Facets {
                length: None,
                min_length: None,
                max_length: None,
                pattern: None,
                min_inclusive: None,
                max_inclusive: None,
                total_digits: None,
                fraction_digits: None,
            },
        },
        ChoiceVariant {
            name: "Password",
            xml: "password",
            ty: String,
            sensitive: true,
            facets: Facets {
                length: None,
                min_length: None,
                max_length: Some(
                    40,
                ),
                pattern: None,
                min_inclusive: None,
                max_inclusive: None,
                total_digits: None,
                fraction_digits: None,
            },
        },
        ChoiceVariant {
            name: "ImpersonationAuthentication",
            xml: "impersonationAuthentication",
            ty: Named(
                "ImpersonationAuthentication",
            ),
            sensitive: false,
            facets: Facets {
                length: None,
                min_length: None,
                max_length: None,
                pattern: None,
                min_inclusive: None,
                max_inclusive: None,
                total_digits: None,
                fraction_digits: None,
            },
        },
        ChoiceVariant {
            name: "FingerPrint",
            xml: "fingerPrint",
            ty: Named(
                "FingerPrint",
            ),
            sensitive: false,
            facets: Facets {
                length: None,
                min_length: None,
                max_length: None,
                pattern: None,
                min_inclusive: None,
                max_inclusive: None,
                total_digits: None,
                fraction_digits: None,
            },
        },
        ChoiceVariant {
            name: "ClientKey",
            xml: "clientKey",
            ty: String,
            sensitive: false,
            facets: Facets {
                length: None,
                min_length: None,
                max_length: None,
                pattern: None,
                min_inclusive: None,
                max_inclusive: None,
                total_digits: None,
                fraction_digits: None,
            },
        },
        ChoiceVariant {
            name: "AccessToken",
            xml: "accessToken",
            ty: String,
            sensitive: true,
            facets: Facets {
                length: None,
                min_length: None,
                max_length: None,
                pattern: None,
                min_inclusive: None,
                max_inclusive: None,
                total_digits: None,
                fraction_digits: None,
            },
        },
        ChoiceVariant {
            name: "ActivationCode",
            xml: "activationCode",
            ty: String,
            sensitive: true,
            facets: Facets {
                length: None,
                min_length: None,
                max_length: None,
                pattern: None,
                min_inclusive: None,
                max_inclusive: None,
                total_digits: None,
                fraction_digits: None,
            },
        },
    ],
}
